---
source: src/ast/parser.rs
expression: sentence
---
type: sentence
range:
  start:
    line: 0
    offset: 0
  end:
    line: 0
    offset: 19
vocative:
  type: vocative
  range:
    start:
      line: 0
      offset: 3
    end:
      line: 0
      offset: 13
  name: whitespace
verb:
  type: verb
  range:
    start:
      line: 0
      offset: 14
    end:
      line: 0
      offset: 19
  name: allow
parts: []
