---
source: src/ast/parser.rs
expression: sentence
---
type: sentence
range:
  start:
    line: 0
    character: 0
  end:
    line: 0
    character: 10
vocative:
  type: vocative
  range:
    start:
      line: 0
      character: 0
    end:
      line: 0
      character: 6
  name: bob123
verb:
  type: verb
  range:
    start:
      line: 0
      character: 7
    end:
      line: 0
      character: 10
  name: fly
parts: []
