---
source: src/ast/parser.rs
expression: sentence
---
type: sentence
range:
  start:
    line: 0
    offset: 0
  end:
    line: 0
    offset: 17
vocative:
  type: vocative
  range:
    start:
      line: 0
      offset: 0
    end:
      line: 0
      offset: 17
  name: my-name
verb:
  type: verb
  range:
    start:
      line: 0
      offset: 8
    end:
      line: 0
      offset: 17
  name: jump-fast
parts: []
