---
source: src/ast/parser.rs
expression: sentence
---
type: sentence
range:
  start:
    line: 0
    character: 0
  end:
    line: 0
    character: 20
vocative:
  type: vocative
  range:
    start:
      line: 0
      character: 0
    end:
      line: 0
      character: 11
  name: john-doe123
verb:
  Simple:
    type: verb
    range:
      start:
        line: 0
        character: 12
      end:
        line: 0
        character: 20
    name: run-fast
parts: []
