---
source: src/ast/parser.rs
expression: sentence
---
type: sentence
range:
  start:
    line: 0
    character: 0
  end:
    line: 0
    character: 25
vocative:
  type: vocative
  range:
    start:
      line: 0
      character: 0
    end:
      line: 0
      character: 5
  name: qwen3
verb:
  Simple:
    type: simple
    range:
      start:
        line: 0
        character: 6
      end:
        line: 0
        character: 10
    name: edit
parts:
  - FilePath:
      type: filepath
      range:
        start:
          line: 0
          character: 12
        end:
          line: 0
          character: 21
      path: hello.txt
  - Freeform:
      type: freeform
      range:
        start:
          line: 0
          character: 22
        end:
          line: 0
          character: 25
      text: foo
