---
source: src/ast/parser.rs
expression: sentence
---
type: sentence
range:
  start:
    line: 0
    character: 0
  end:
    line: 0
    character: 29
vocative:
  type: vocative
  range:
    start:
      line: 0
      character: 0
    end:
      line: 0
      character: 5
  name: qwen3
verb:
  Simple:
    type: simple
    range:
      start:
        line: 0
        character: 6
      end:
        line: 0
        character: 10
    name: edit
parts:
  - Freeform:
      type: freeform
      range:
        start:
          line: 0
          character: 11
        end:
          line: 0
          character: 14
      text: foo
  - FilePath:
      type: filepath
      range:
        start:
          line: 0
          character: 16
        end:
          line: 0
          character: 25
      path: hello.txt
  - Freeform:
      type: freeform
      range:
        start:
          line: 0
          character: 26
        end:
          line: 0
          character: 29
      text: bar
