---
source: src/ast/parser.rs
expression: sentence
---
type: sentence
range:
  start:
    line: 1
    offset: 0
  end:
    line: 1
    offset: 22
vocative:
  type: vocative
  range:
    start:
      line: 1
      offset: 3
    end:
      line: 1
      offset: 22
  name: whitespace
verb:
  type: verb
  range:
    start:
      line: 1
      offset: 14
    end:
      line: 1
      offset: 22
  name: magic
parts: []
