---
source: src/ast/parser.rs
expression: sentence
---
type: sentence
range:
  start:
    line: 0
    character: 0
  end:
    line: 0
    character: 40
vocative:
  type: vocative
  range:
    start:
      line: 0
      character: 0
    end:
      line: 0
      character: 5
  name: qwen3
verb:
  type: assignment
  range:
    start:
      line: 0
      character: 6
    end:
      line: 0
      character: 34
  name: foobar
  value: create for me a
parts:
  - type: freeform
    range:
      start:
        line: 0
        character: 35
      end:
        line: 0
        character: 40
    text: lorem
