---
source: src/engine.rs
expression: simplified_result
---
attachments: []
prompt: "test template delete me: "
