---
source: src/engine.rs
expression: simplified_result
---
attachments: []
prompt: "\n\nCommand: expr 5 - 3\nOutput:\n2\n\n"
